// Jest Snapshot v1, https://goo.gl/fbAQLP

exports[`display page 1`] = `
"<div class=\\"\\">
  <div class=\\"logo\\">
    <a href=\\"\\"><span>[</span> {{ logoText }} <span>]</span></a>
  </div>
  <div class=\\"sideleft\\">
    <label class=\\"sidebar-label\\">Navigation</label>
    <div class=\\"menu\\">
      <a href=\\"\\">
        <div class=\\"menu-item\\">
          <i class=\\"icon-home-outline menu-item-icon\\"></i><span class=\\"menu-item-label\\">Dashboard</span>
        </div>
      </a>
      <a href=\\"/members\\">
        <div class=\\"menu-item\\">
          <i class=\\"icon-users menu-item-icon\\"></i><span class=\\"menu-item-label\\">Members</span>
        </div>
      </a>
      <a href=\\"/server\\" class=\\"active\\">
        <div class=\\"menu-item\\">
          <i class=\\"icon-server menu-item-icon\\"></i><span class=\\"menu-item-label\\">Server information</span>
        </div>
      </a>
      <!--if-->
    </div>
  </div>
  <div class=\\"header\\">
    <div class=\\"header-left\\">
      <div class=\\"navicon-left\\">
        <a>
          <i class=\\"icon-menu\\"></i>
        </a>
      </div>
    </div>
    <div class=\\"header-right\\">
      <div class=\\"dropdown\\">
        <a class=\\"link-profile\\"><span class=\\"logged-name\\">John Smith</span></a>
        <div class=\\"dropdown-menu \\">
          <ul class=\\"user-profile-nav\\">
            <li>
              <a href=\\"/settings\\">
                <i class=\\"icon-cog\\"></i> Settings
              </a>
            </li>
            <li>
              <a href=\\"#\\">
                <i class=\\"icon-logout\\"></i> Sign Out
              </a>
            </li>
          </ul>
        </div>
      </div>
    </div>
  </div>
  <div class=\\"mainpanel\\">
    <h4 class=\\"page-header\\"> Server information
      <!--header-->
    </h4>
    <div class=\\"page-body\\">
      <div class=\\"server-info\\">
        <!--if-->
        <!--ErrorsPanel-->
        <div class=\\"panel runtime\\">
          <h6>Runtime info</h6>
          <table>
            <tbody>
              <tr>
                <td>Host</td>
                <td>test</td>
              </tr>
              <tr>
                <td>Num CPU</td>
                <td>4</td>
              </tr>
              <tr>
                <td>Memory</td>
                <td>3.3 MB</td>
              </tr>
              <tr>
                <td>Mem Sys</td>
                <td>71.8 kB</td>
              </tr>
              <tr>
                <td>Heap Alloc</td>
                <td>3.2 kB</td>
              </tr>
              <tr>
                <td>Heap Sys</td>
                <td>65.1 kB</td>
              </tr>
              <tr>
                <td>Heap Idle</td>
                <td>60.5 kB</td>
              </tr>
              <tr>
                <td>Heap Inuse</td>
                <td>4.6 kB</td>
              </tr>
              <tr>
                <td>Next GC</td>
                <td>6.3 kB</td>
              </tr>
              <tr>
                <td>Goroutines</td>
                <td>8</td>
              </tr>
              <tr>
                <td>UpTime</td>
                <td>0 days 0 hours 0 minutes 9 seconds</td>
              </tr>
              <tr>
                <td>Time</td>
                <td>Fri, 30 Oct 2020 21:05:45 +0100</td>
              </tr>
            </tbody>
          </table>
        </div>
        <!--RuntimePanel-->
        <div class=\\"panel files\\">
          <h6>Asset files</h6>
          <table>
            <thead>
              <tr>
                <th>File</th>
                <th>Size</th>
                <th>Modification time</th>
              </tr>
            </thead>
            <tbody>
              <tr>
                <td>dist/bundle.css</td>
                <td>20.0 kB</td>
                <td>Thu, 29 Oct 2020 19:30:25 +0100</td>
              </tr>
              <tr>
                <td>dist/bundle.js</td>
                <td>137.0 kB</td>
                <td>Thu, 29 Oct 2020 19:30:25 +0100</td>
              </tr>
            </tbody>
          </table>
        </div>
        <!--AssetsPanel-->
      </div>
      <!--body-->
    </div>
    <!--if-->
    <!--Page-->
    <!--ActivePageContainer-->
  </div>
</div>
<!--LayoutAuthenticated-->
<!--if-->
<!--Layout-->
<!--if-->"
`;
