// Jest Snapshot v1, https://goo.gl/fbAQLP

exports[`display page 1`] = `
"<div class=\\"\\">
  <div class=\\"logo\\">
    <a href=\\"\\"><span>[</span> {{ logoText }} <span>]</span></a>
  </div>
  <div class=\\"sideleft\\">
    <label class=\\"sidebar-label\\">Navigation</label>
    <div class=\\"menu\\">
      <a href=\\"\\">
        <div class=\\"menu-item\\">
          <i class=\\"icon-home-outline menu-item-icon\\"></i><span class=\\"menu-item-label\\">Dashboard</span>
        </div>
      </a>
      <a href=\\"/members\\" class=\\"active\\">
        <div class=\\"menu-item\\">
          <i class=\\"icon-users menu-item-icon\\"></i><span class=\\"menu-item-label\\">Members</span>
        </div>
      </a>
      <a href=\\"/server\\">
        <div class=\\"menu-item\\">
          <i class=\\"icon-server menu-item-icon\\"></i><span class=\\"menu-item-label\\">Server information</span>
        </div>
      </a>
      <!--if-->
    </div>
  </div>
  <div class=\\"header\\">
    <div class=\\"header-left\\">
      <div class=\\"navicon-left\\">
        <a>
          <i class=\\"icon-menu\\"></i>
        </a>
      </div>
    </div>
    <div class=\\"header-right\\">
      <div class=\\"dropdown\\">
        <a class=\\"link-profile\\"><span class=\\"logged-name\\">John Smith</span></a>
        <div class=\\"dropdown-menu \\">
          <ul class=\\"user-profile-nav\\">
            <li>
              <a href=\\"/settings\\">
                <i class=\\"icon-cog\\"></i> Settings
              </a>
            </li>
            <li>
              <a href=\\"#\\">
                <i class=\\"icon-logout\\"></i> Sign Out
              </a>
            </li>
          </ul>
        </div>
      </div>
    </div>
  </div>
  <div class=\\"mainpanel\\">
    <h4 class=\\"page-header\\"> Members
      <!--header-->
    </h4>
    <div class=\\"page-body\\">
      <div class=\\"member-list\\">
        <div class=\\"panel\\">
          <!--if-->
          <!--ErrorsPanel-->
          <div class=\\"pagination\\">
            <div class=\\"page-buttons\\">
              <!--if-->
              <button data-test-pagination-page=\\"1\\" disabled=\\"\\">1</button>
              <!--if-->
            </div>
            <!--PaginationPages-->
            <table>
              <thead>
                <tr>
                  <th>ID</th>
                  <th>Name</th>
                  <th>Email</th>
                  <th>Is superuser?</th>
                </tr>
              </thead>
              <tbody>
                <tr>
                  <td>1</td>
                  <td>John Smith#1</td>
                  <td>john.smith.1@test.com</td>
                  <td class=\\"text-center\\">No</td>
                </tr>
                <tr>
                  <td>2</td>
                  <td>John Smith#2</td>
                  <td>john.smith.2@test.com</td>
                  <td class=\\"text-center\\">Yes</td>
                </tr>
                <tr>
                  <td>3</td>
                  <td>John Smith#3</td>
                  <td>john.smith.3@test.com</td>
                  <td class=\\"text-center\\">No</td>
                </tr>
              </tbody>
            </table>
            <!--default-->
            <!--if-->
            <div class=\\"page-buttons\\">
              <!--if-->
              <button data-test-pagination-page=\\"1\\" disabled=\\"\\">1</button>
              <!--if-->
            </div>
            <!--PaginationPages-->
          </div>
          <!--Pagination-->
        </div>
      </div>
      <!--body-->
    </div>
    <!--if-->
    <!--Page-->
    <!--ActivePageContainer-->
  </div>
</div>
<!--LayoutAuthenticated-->
<!--if-->
<!--Layout-->
<!--if-->"
`;
