// Jest Snapshot v1, https://goo.gl/fbAQLP

exports[`success login 1`] = `
"<div class=\\"login-page\\">
  <form class=\\"form\\">
    <div class=\\"logo\\"><span><span>[</span> {{ logoText }} <span>]</span></span></div>
    <!--Logo-->
    <!--header-->
    <!--if-->
    <!--ErrorsPanel-->
    <div class=\\"form-group\\">
      <input name=\\"email\\" type=\\"text\\" placeholder=\\"Enter your email\\" autofocus=\\"\\">
    </div>
    <div class=\\"form-group\\">
      <input name=\\"password\\" type=\\"password\\" placeholder=\\"Enter your password\\">
    </div>
    <!--default-->
    <button type=\\"submit\\">
      <!--if-->Sign In
      <!--submit-->
    </button>
    {{#if signupEnabled}}
    <div class=\\"signup-label\\"> Not yet a member? <a href=\\"/signup\\"> Sign Up </a>
    </div>
    {{/if}}
    <!--footer-->
  </form>
</div>
<!--ActivePageContainer-->
<!--if-->
<!--Layout-->
<!--if-->"
`;

exports[`success login 2`] = `
"<div class=\\"\\">
  <div class=\\"logo\\">
    <a href=\\"\\"><span>[</span> {{ logoText }} <span>]</span></a>
  </div>
  <div class=\\"sideleft\\">
    <label class=\\"sidebar-label\\">Navigation</label>
    <div class=\\"menu\\">
      <a href=\\"\\" class=\\"active\\">
        <div class=\\"menu-item\\">
          <i class=\\"icon-home-outline menu-item-icon\\"></i><span class=\\"menu-item-label\\">Dashboard</span>
        </div>
      </a>
      <!--if-->
    </div>
  </div>
  <div class=\\"header\\">
    <div class=\\"header-left\\">
      <div class=\\"navicon-left\\">
        <a>
          <i class=\\"icon-menu\\"></i>
        </a>
      </div>
    </div>
    <div class=\\"header-right\\">
      <div class=\\"dropdown\\">
        <a class=\\"link-profile\\"><span class=\\"logged-name\\">Admin</span></a>
        <div class=\\"dropdown-menu \\">
          <ul class=\\"user-profile-nav\\">
            <li>
              <a href=\\"/settings\\">
                <i class=\\"icon-cog\\"></i> Settings
              </a>
            </li>
            <li>
              <a href=\\"#\\">
                <i class=\\"icon-logout\\"></i> Sign Out
              </a>
            </li>
          </ul>
        </div>
      </div>
    </div>
  </div>
  <div class=\\"mainpanel\\">
    <h4 class=\\"page-header\\"> Home
      <!--header-->
    </h4>
    <div class=\\"page-body\\">
      <div class=\\"panel\\"> Project description </div>
      <!--body-->
    </div>
    <!--if-->
    <!--Page-->
    <!--ActivePageContainer-->
  </div>
</div>
<!--LayoutAuthenticated-->
<!--if-->
<!--Layout-->
<!--if-->"
`;
