// Jest Snapshot v1, https://goo.gl/fbAQLP

exports[`renders correctly 1`] = `
Object {
  "Constructor": "AssetsPanel",
  "Options": Object {
    "ID": "component",
    "files": Array [],
  },
  "html": "
<div class=\\"panel files\\">
  <h6>Asset files</h6>
  <table>
    <thead>
      <tr>
        <th>File</th>
        <th>Size</th>
        <th>Modification time</th>
      </tr>
    </thead>
    <tbody></tbody>
  </table>
</div>
",
}
`;
