// Jest Snapshot v1, https://goo.gl/fbAQLP

exports[`renders correctly 1`] = `
Object {
  "Constructor": "RuntimePanel",
  "Options": Object {
    "ID": "component",
    "host": "",
    "runtime": Object {},
  },
  "html": "
<div class=\\"panel runtime\\">
  <h6>Runtime info</h6>
  <table>
    <tbody>
      <tr>
        <td>Host</td>
        <td></td>
      </tr>
      <tr>
        <td>Num CPU</td>
        <td>null</td>
      </tr>
      <tr>
        <td>Memory</td>
        <td>0 B</td>
      </tr>
      <tr>
        <td>Mem Sys</td>
        <td>0 B</td>
      </tr>
      <tr>
        <td>Heap Alloc</td>
        <td>0 B</td>
      </tr>
      <tr>
        <td>Heap Sys</td>
        <td>0 B</td>
      </tr>
      <tr>
        <td>Heap Idle</td>
        <td>0 B</td>
      </tr>
      <tr>
        <td>Heap Inuse</td>
        <td>0 B</td>
      </tr>
      <tr>
        <td>Next GC</td>
        <td>0 B</td>
      </tr>
      <tr>
        <td>Goroutines</td>
        <td>null</td>
      </tr>
      <tr>
        <td>UpTime</td>
        <td>NaN days NaN hours NaN minutes NaN seconds</td>
      </tr>
      <tr>
        <td>Time</td>
        <td>null</td>
      </tr>
    </tbody>
  </table>
</div>
",
}
`;
