// Jest Snapshot v1, https://goo.gl/fbAQLP

exports[`renders correctly 1`] = `
Object {
  "Constructor": "",
  "Options": Object {
    "ID": "component",
    "appState": Object {
      "routerResolved": false,
      "tokenLoaded": false,
    },
  },
  "html": "
<!--if-->
<!--WithoutFlushLoader-->
<!--if-->
",
}
`;
