// Jest Snapshot v1, https://goo.gl/fbAQLP

exports[`renders correctly 1`] = `
Object {
  "Constructor": "",
  "Options": Object {
    "ID": "component",
    "dataLoaded": true,
    "sessionData": Object {
      "email": "",
      "isAuthenticated": false,
      "isSuperuser": false,
      "name": "",
      "sessionValidated": true,
    },
  },
  "html": "
<h4 class=\\"page-header\\">
  <!--header-->
</h4>
<div class=\\"page-body\\">
  <!--body-->
</div>
<!--if-->
",
}
`;
